// Jest Snapshot v1, https://goo.gl/fbAQLP

exports[`Testing <GifGridItem> component. Should render the component correctly. 1`] = `
<div
  className="card animate__animated animate__bounceIn"
>
  <img
    alt="my title"
    src="https://rodwyn.com/icon.jpg"
  />
  <p>
    my title
  </p>
</div>
`;
